[INFO] Scanning for projects...
[INFO] 
[INFO] --------------------------< com.demoapp:demo >--------------------------
[INFO] Building demo 0.0.1-SNAPSHOT
[INFO]   from pom.xml
[INFO] --------------------------------[ jar ]---------------------------------
[INFO] 
[INFO] --- clean:3.4.1:clean (default-clean) @ demo ---
[INFO] Deleting C:\Users\775gu\OneDrive\Desktop\trabalho_teste\sqa-social-media\api\target
[INFO] 
[INFO] --- resources:3.3.1:resources (default-resources) @ demo ---
[INFO] Copying 1 resource from src\main\resources to target\classes
[INFO] Copying 0 resource from src\main\resources to target\classes
[INFO] 
[INFO] --- compiler:3.13.0:compile (default-compile) @ demo ---
[INFO] Recompiling the module because of changed source code.
[INFO] Compiling 13 source files with javac [debug parameters release 17] to target\classes
[INFO] 
[INFO] --- resources:3.3.1:testResources (default-testResources) @ demo ---
[INFO] Copying 2 resources from src\test\resources to target\test-classes
[INFO] 
[INFO] --- compiler:3.13.0:testCompile (default-testCompile) @ demo ---
[INFO] Recompiling the module because of changed dependency.
[INFO] Compiling 2 source files with javac [debug parameters release 17] to target\test-classes
[INFO] 
[INFO] --- surefire:3.5.2:test (default-test) @ demo ---
[INFO] Using auto detected provider org.apache.maven.surefire.junitplatform.JUnitPlatformProvider
[INFO] 
[INFO] -------------------------------------------------------
[INFO]  T E S T S
[INFO] -------------------------------------------------------
[INFO] Running com.demoapp.demo.controller.AuthControllerTest
19:04:13.612 [main] INFO org.springframework.test.context.support.AnnotationConfigContextLoaderUtils -- Could not detect default configuration classes for test class [com.demoapp.demo.controller.AuthControllerTest]: AuthControllerTest does not declare any static, non-private, non-final, nested classes annotated with @Configuration.
19:04:13.880 [main] INFO org.springframework.boot.test.context.SpringBootTestContextBootstrapper -- Found @SpringBootConfiguration com.demoapp.demo.DemoApplication for test class com.demoapp.demo.controller.AuthControllerTest

  .   ____          _            __ _ _
 /\\ / ___'_ __ _ _(_)_ __  __ _ \ \ \ \
( ( )\___ | '_ | '_| | '_ \/ _` | \ \ \ \
 \\/  ___)| |_)| | | | | || (_| |  ) ) ) )
  '  |____| .__|_| |_|_| |_\__, | / / / /
 =========|_|==============|___/=/_/_/_/

 :: Spring Boot ::                (v3.4.4)

2026-05-31T19:04:14.523-03:00  INFO 39464 --- [demo] [           main] c.d.demo.controller.AuthControllerTest   : Starting AuthControllerTest using Java 17.0.16 with PID 39464 (started by 775gu in C:\Users\775gu\OneDrive\Desktop\trabalho_teste\sqa-social-media\api)
2026-05-31T19:04:14.525-03:00  INFO 39464 --- [demo] [           main] c.d.demo.controller.AuthControllerTest   : The following 1 profile is active: "test"
2026-05-31T19:04:15.191-03:00  INFO 39464 --- [demo] [           main] .s.d.r.c.RepositoryConfigurationDelegate : Bootstrapping Spring Data JPA repositories in DEFAULT mode.
2026-05-31T19:04:15.263-03:00  INFO 39464 --- [demo] [           main] .s.d.r.c.RepositoryConfigurationDelegate : Finished Spring Data repository scanning in 59 ms. Found 2 JPA repository interfaces.
2026-05-31T19:04:15.743-03:00  INFO 39464 --- [demo] [           main] o.hibernate.jpa.internal.util.LogHelper  : HHH000204: Processing PersistenceUnitInfo [name: default]
2026-05-31T19:04:15.806-03:00  INFO 39464 --- [demo] [           main] org.hibernate.Version                    : HHH000412: Hibernate ORM core version 6.6.11.Final
2026-05-31T19:04:15.850-03:00  INFO 39464 --- [demo] [           main] o.h.c.internal.RegionFactoryInitiator    : HHH000026: Second-level cache disabled
2026-05-31T19:04:16.225-03:00  INFO 39464 --- [demo] [           main] o.s.o.j.p.SpringPersistenceUnitInfo      : No LoadTimeWeaver setup: ignoring JPA class transformer
2026-05-31T19:04:16.274-03:00  INFO 39464 --- [demo] [           main] com.zaxxer.hikari.HikariDataSource       : HikariPool-1 - Starting...
2026-05-31T19:04:16.470-03:00  INFO 39464 --- [demo] [           main] com.zaxxer.hikari.pool.HikariPool        : HikariPool-1 - Added connection conn0: url=jdbc:h2:mem:testdb user=SA
2026-05-31T19:04:16.473-03:00  INFO 39464 --- [demo] [           main] com.zaxxer.hikari.HikariDataSource       : HikariPool-1 - Start completed.
2026-05-31T19:04:16.497-03:00  WARN 39464 --- [demo] [           main] org.hibernate.orm.deprecation            : HHH90000025: H2Dialect does not need to be specified explicitly using 'hibernate.dialect' (remove the property setting and it will be selected by default)
2026-05-31T19:04:16.524-03:00  INFO 39464 --- [demo] [           main] org.hibernate.orm.connections.pooling    : HHH10001005: Database info:
	Database JDBC URL [Connecting through datasource 'HikariDataSource (HikariPool-1)']
	Database driver: undefined/unknown
	Database version: 2.3.232
	Autocommit mode: undefined/unknown
	Isolation level: undefined/unknown
	Minimum pool size: undefined/unknown
	Maximum pool size: undefined/unknown
2026-05-31T19:04:17.244-03:00  INFO 39464 --- [demo] [           main] o.h.e.t.j.p.i.JtaPlatformInitiator       : HHH000489: No JTA platform available (set 'hibernate.transaction.jta.platform' to enable JTA platform integration)
Hibernate: drop table if exists user_post_reaction cascade 
Hibernate: drop table if exists user_table cascade 
Hibernate: create table user_post_reaction (id bigint generated by default as identity, post_id bigint, user_id bigint, primary key (id))
Hibernate: create table user_table (id bigint generated by default as identity, email varchar(255), password varchar(255), primary key (id))
2026-05-31T19:04:17.279-03:00  INFO 39464 --- [demo] [           main] j.LocalContainerEntityManagerFactoryBean : Initialized JPA EntityManagerFactory for persistence unit 'default'
2026-05-31T19:04:17.803-03:00  WARN 39464 --- [demo] [           main] JpaBaseConfiguration$JpaWebConfiguration : spring.jpa.open-in-view is enabled by default. Therefore, database queries may be performed during view rendering. Explicitly configure spring.jpa.open-in-view to disable this warning
2026-05-31T19:04:18.275-03:00  INFO 39464 --- [demo] [           main] o.s.b.t.m.w.SpringBootMockServletContext : Initializing Spring TestDispatcherServlet ''
2026-05-31T19:04:18.276-03:00  INFO 39464 --- [demo] [           main] o.s.t.web.servlet.TestDispatcherServlet  : Initializing Servlet ''
2026-05-31T19:04:18.277-03:00  INFO 39464 --- [demo] [           main] o.s.t.web.servlet.TestDispatcherServlet  : Completed initialization in 1 ms
2026-05-31T19:04:18.311-03:00  INFO 39464 --- [demo] [           main] c.d.demo.controller.AuthControllerTest   : Started AuthControllerTest in 4.106 seconds (process running for 5.532)
.\mvnw : OpenJDK 64-Bit Server VM warning: Sharing is only supported for boot 
loader classes because bootstrap classpath has been appended
No linha:1 caractere:127
+ ... \trabalho_teste\sqa-social-media\api'; .\mvnw clean test 2>&1 | Tee-O ...
+                                            ~~~~~~~~~~~~~~~~~~~~~~
    + CategoryInfo          : NotSpecified: (OpenJDK 64-Bit ...s been appended 
   :String) [], RemoteException
    + FullyQualifiedErrorId : NativeCommandError
 
Hibernate: select u1_0.id,u1_0.email,u1_0.password from user_table u1_0
Hibernate: select u1_0.id,u1_0.email,u1_0.password from user_table u1_0 where u1_0.email=?
Hibernate: insert into user_table (email,password,id) values (?,?,default)
Hibernate: select u1_0.id,u1_0.email,u1_0.password from user_table u1_0
Hibernate: delete from user_table where id=?
Hibernate: select u1_0.id,u1_0.email,u1_0.password from user_table u1_0 where u1_0.email=?
Hibernate: insert into user_table (email,password,id) values (?,?,default)
Hibernate: select u1_0.id,u1_0.email,u1_0.password from user_table u1_0 where u1_0.email=?
Hibernate: select u1_0.id,u1_0.email,u1_0.password from user_table u1_0
Hibernate: delete from user_table where id=?
Hibernate: select u1_0.id,u1_0.email,u1_0.password from user_table u1_0 where u1_0.email=?
Hibernate: insert into user_table (email,password,id) values (?,?,default)
[INFO] Tests run: 3, Failures: 0, Errors: 0, Skipped: 0, Time elapsed: 5.749 s -- in com.demoapp.demo.controller.AuthControllerTest
[INFO] Running com.demoapp.demo.service.UserServiceTest
2026-05-31T19:04:19.142-03:00  INFO 39464 --- [demo] [           main] t.c.s.AnnotationConfigContextLoaderUtils : Could not detect default configuration classes for test class [com.demoapp.demo.service.UserServiceTest]: UserServiceTest does not declare any static, non-private, non-final, nested classes annotated with @Configuration.
2026-05-31T19:04:19.160-03:00  INFO 39464 --- [demo] [           main] .b.t.c.SpringBootTestContextBootstrapper : Found @SpringBootConfiguration com.demoapp.demo.DemoApplication for test class com.demoapp.demo.service.UserServiceTest

  .   ____          _            __ _ _
 /\\ / ___'_ __ _ _(_)_ __  __ _ \ \ \ \
( ( )\___ | '_ | '_| | '_ \/ _` | \ \ \ \
 \\/  ___)| |_)| | | | | || (_| |  ) ) ) )
  '  |____| .__|_| |_|_| |_\__, | / / / /
 =========|_|==============|___/=/_/_/_/

 :: Spring Boot ::                (v3.4.4)

2026-05-31T19:04:19.216-03:00  INFO 39464 --- [demo] [           main] c.demoapp.demo.service.UserServiceTest   : Starting UserServiceTest using Java 17.0.16 with PID 39464 (started by 775gu in C:\Users\775gu\OneDrive\Desktop\trabalho_teste\sqa-social-media\api)
2026-05-31T19:04:19.216-03:00  INFO 39464 --- [demo] [           main] c.demoapp.demo.service.UserServiceTest   : The following 1 profile is active: "test"
2026-05-31T19:04:19.371-03:00  INFO 39464 --- [demo] [           main] .s.d.r.c.RepositoryConfigurationDelegate : Bootstrapping Spring Data JPA repositories in DEFAULT mode.
2026-05-31T19:04:19.385-03:00  INFO 39464 --- [demo] [           main] .s.d.r.c.RepositoryConfigurationDelegate : Finished Spring Data repository scanning in 12 ms. Found 2 JPA repository interfaces.
2026-05-31T19:04:19.490-03:00  INFO 39464 --- [demo] [           main] o.hibernate.jpa.internal.util.LogHelper  : HHH000204: Processing PersistenceUnitInfo [name: default]
2026-05-31T19:04:19.493-03:00  INFO 39464 --- [demo] [           main] o.h.c.internal.RegionFactoryInitiator    : HHH000026: Second-level cache disabled
2026-05-31T19:04:19.509-03:00  INFO 39464 --- [demo] [           main] o.s.o.j.p.SpringPersistenceUnitInfo      : No LoadTimeWeaver setup: ignoring JPA class transformer
2026-05-31T19:04:19.510-03:00  INFO 39464 --- [demo] [           main] com.zaxxer.hikari.HikariDataSource       : HikariPool-2 - Starting...
2026-05-31T19:04:19.512-03:00  INFO 39464 --- [demo] [           main] com.zaxxer.hikari.pool.HikariPool        : HikariPool-2 - Added connection conn10: url=jdbc:h2:mem:testdb user=SA
2026-05-31T19:04:19.512-03:00  INFO 39464 --- [demo] [           main] com.zaxxer.hikari.HikariDataSource       : HikariPool-2 - Start completed.
2026-05-31T19:04:19.513-03:00  WARN 39464 --- [demo] [           main] org.hibernate.orm.deprecation            : HHH90000025: H2Dialect does not need to be specified explicitly using 'hibernate.dialect' (remove the property setting and it will be selected by default)
2026-05-31T19:04:19.514-03:00  INFO 39464 --- [demo] [           main] org.hibernate.orm.connections.pooling    : HHH10001005: Database info:
	Database JDBC URL [Connecting through datasource 'HikariDataSource (HikariPool-2)']
	Database driver: undefined/unknown
	Database version: 2.3.232
	Autocommit mode: undefined/unknown
	Isolation level: undefined/unknown
	Minimum pool size: undefined/unknown
	Maximum pool size: undefined/unknown
2026-05-31T19:04:19.569-03:00  INFO 39464 --- [demo] [           main] o.h.e.t.j.p.i.JtaPlatformInitiator       : HHH000489: No JTA platform available (set 'hibernate.transaction.jta.platform' to enable JTA platform integration)
Hibernate: drop table if exists user_post_reaction cascade 
Hibernate: drop table if exists user_table cascade 
Hibernate: create table user_post_reaction (id bigint generated by default as identity, post_id bigint, user_id bigint, primary key (id))
Hibernate: create table user_table (id bigint generated by default as identity, email varchar(255), password varchar(255), primary key (id))
2026-05-31T19:04:19.576-03:00  INFO 39464 --- [demo] [           main] j.LocalContainerEntityManagerFactoryBean : Initialized JPA EntityManagerFactory for persistence unit 'default'
2026-05-31T19:04:19.652-03:00  WARN 39464 --- [demo] [           main] JpaBaseConfiguration$JpaWebConfiguration : spring.jpa.open-in-view is enabled by default. Therefore, database queries may be performed during view rendering. Explicitly configure spring.jpa.open-in-view to disable this warning
2026-05-31T19:04:19.781-03:00  INFO 39464 --- [demo] [           main] c.demoapp.demo.service.UserServiceTest   : Started UserServiceTest in 0.615 seconds (process running for 7.003)
Hibernate: select u1_0.id,u1_0.email,u1_0.password from user_table u1_0
Hibernate: select u1_0.id,u1_0.email,u1_0.password from user_table u1_0
Hibernate: insert into user_table (email,password,id) values (?,?,default)
Hibernate: select u1_0.id,u1_0.email,u1_0.password from user_table u1_0
Hibernate: delete from user_table where id=?
[ERROR] Tests run: 3, Failures: 1, Errors: 0, Skipped: 0, Time elapsed: 0.701 s <<< FAILURE! -- in com.demoapp.demo.service.UserServiceTest
[ERROR] com.demoapp.demo.service.UserServiceTest.testIsEmailValid_ShouldRejectInvalidEmailFormat -- Time elapsed: 0.022 s <<< FAILURE!
org.opentest4j.AssertionFailedError: Email sem domÝnio 'invalid@' deveria ser invßlido ==> expected: <false> but was: <true>
	at org.junit.jupiter.api.AssertionFailureBuilder.build(AssertionFailureBuilder.java:151)
	at org.junit.jupiter.api.AssertionFailureBuilder.buildAndThrow(AssertionFailureBuilder.java:132)
	at org.junit.jupiter.api.AssertFalse.failNotFalse(AssertFalse.java:63)
	at org.junit.jupiter.api.AssertFalse.assertFalse(AssertFalse.java:36)
	at org.junit.jupiter.api.Assertions.assertFalse(Assertions.java:239)
	at com.demoapp.demo.service.UserServiceTest.testIsEmailValid_ShouldRejectInvalidEmailFormat(UserServiceTest.java:61)
	at java.base/java.lang.reflect.Method.invoke(Method.java:569)
	at java.base/java.util.ArrayList.forEach(ArrayList.java:1511)
	at java.base/java.util.ArrayList.forEach(ArrayList.java:1511)

[INFO] 
[INFO] Results:
[INFO] 
[ERROR] Failures: 
[ERROR]   UserServiceTest.testIsEmailValid_ShouldRejectInvalidEmailFormat:61 Email sem domÝnio 'invalid@' deveria ser invßlido ==> expected: <false> but was: <true>
[INFO] 
[ERROR] Tests run: 6, Failures: 1, Errors: 0, Skipped: 0
[INFO] 
[INFO] ------------------------------------------------------------------------
[INFO] BUILD FAILURE
[INFO] ------------------------------------------------------------------------
[INFO] Total time:  11.285 s
[INFO] Finished at: 2026-05-31T19:04:19-03:00
[INFO] ------------------------------------------------------------------------
[ERROR] Failed to execute goal org.apache.maven.plugins:maven-surefire-plugin:3.5.2:test (default-test) on project demo: There are test failures.
[ERROR] 
[ERROR] See C:\Users\775gu\OneDrive\Desktop\trabalho_teste\sqa-social-media\api\target\surefire-reports for the individual test results.
[ERROR] See dump files (if any exist) [date].dump, [date]-jvmRun[N].dump and [date].dumpstream.
[ERROR] -> [Help 1]
[ERROR] 
[ERROR] To see the full stack trace of the errors, re-run Maven with the -e switch.
[ERROR] Re-run Maven using the -X switch to enable full debug logging.
[ERROR] 
[ERROR] For more information about the errors and possible solutions, please read the following articles:
[ERROR] [Help 1] http://cwiki.apache.org/confluence/display/MAVEN/MojoFailureException
